xddd
haha
haha
haha
haha
-85 89
remo
remo
remo
remo
-86 88
remo
-174 0
frieren will rule this world!!!
